2026-01-30 12:07:06,086 - text_detector - INFO - Created output directories in test_output
2026-01-30 12:07:06,086 - text_detector - INFO - Initializing EasyOCR Reader (loading models)...
2026-01-30 12:07:06,086 - easyocr.easyocr - WARNING - Using CPU. Note: This module is much faster with a GPU.
2026-01-30 12:07:08,000 - text_detector - INFO - EasyOCR Reader initialized
2026-01-30 12:08:44,003 - __main__ - INFO - Created output directories in crawled_images/kao_com_20260130_120352
2026-01-30 12:08:44,003 - __main__ - INFO - Initializing EasyOCR Reader (loading models)...
2026-01-30 12:08:44,003 - easyocr.easyocr - WARNING - Using CPU. Note: This module is much faster with a GPU.
2026-01-30 12:08:46,094 - __main__ - INFO - EasyOCR Reader initialized
2026-01-30 12:08:46,094 - __main__ - INFO - Scanning directory: crawled_images/kao_com_20260130_120352
2026-01-30 12:08:46,095 - __main__ - INFO - Processing: crawled_images/kao_com_20260130_120352/decorative/img_e2d27c722fd1.png
2026-01-30 12:08:53,743 - __main__ - INFO - Processing: crawled_images/kao_com_20260130_120352/decorative/img_c542da9e5a2b.png
2026-01-30 12:09:01,492 - __main__ - INFO - Processing: crawled_images/kao_com_20260130_120352/decorative/img_9806c0204e49.png
2026-01-30 12:09:10,080 - __main__ - INFO - Processing: crawled_images/kao_com_20260130_120352/decorative/img_1818cb944966.png
2026-01-30 12:09:17,904 - __main__ - INFO - ✓ Detected 1 text regions. Category: with_text. Violations: 0
2026-01-30 12:09:17,904 - __main__ - INFO - Processing: crawled_images/kao_com_20260130_120352/decorative/img_ae4ac974f74b.png
2026-01-30 12:09:25,763 - __main__ - INFO - Processing: crawled_images/kao_com_20260130_120352/decorative/img_c939b7590fd4.png
2026-01-30 12:09:33,384 - __main__ - INFO - Processing: crawled_images/kao_com_20260130_120352/decorative/img_15297543b762.png
2026-01-30 12:09:34,653 - __main__ - INFO - Processing: crawled_images/kao_com_20260130_120352/decorative/img_56be0f1d086f.png
2026-01-30 12:09:42,856 - __main__ - INFO - Processing: crawled_images/kao_com_20260130_120352/decorative/img_096610057123.png
2026-01-30 12:09:51,365 - __main__ - INFO - Processing: crawled_images/kao_com_20260130_120352/functional/images/img_d6bf1a8b2993.jpg
2026-01-30 12:09:51,746 - __main__ - INFO - ✓ Detected 2 text regions. Category: with_text. Violations: 0
2026-01-30 12:09:51,746 - __main__ - INFO - Processing: crawled_images/kao_com_20260130_120352/functional/images/img_1ccdcc8c7b79.jpg
2026-01-30 12:09:51,940 - __main__ - INFO - Processing: crawled_images/kao_com_20260130_120352/functional/images/img_68cc26ff27d2.jpg
2026-01-30 12:09:52,114 - __main__ - INFO - Processing: crawled_images/kao_com_20260130_120352/functional/images/img_0afe6c56fba5.png
2026-01-30 12:09:58,555 - __main__ - INFO - Processing: crawled_images/kao_com_20260130_120352/functional/images/img_9f4a78a9ce15.jpg
2026-01-30 12:09:58,718 - __main__ - INFO - ✓ Detected 1 text regions. Category: with_text. Violations: 0
2026-01-30 12:09:58,718 - __main__ - INFO - Processing: crawled_images/kao_com_20260130_120352/functional/images/img_d89ab41a0bb7.jpg
2026-01-30 12:10:00,800 - __main__ - INFO - ✓ Detected 5 text regions. Category: with_text. Violations: 0
2026-01-30 12:10:00,801 - __main__ - INFO - Processing: crawled_images/kao_com_20260130_120352/functional/images/img_1fd76a128db3.jpg
2026-01-30 12:10:00,983 - __main__ - INFO - Processing: crawled_images/kao_com_20260130_120352/functional/images/img_d62a7e1300bd.jpg
2026-01-30 12:10:01,266 - __main__ - INFO - ✓ Detected 1 text regions. Category: with_text. Violations: 0
2026-01-30 12:10:01,267 - __main__ - INFO - Processing: crawled_images/kao_com_20260130_120352/functional/images/img_643e66fcf21e.jpg
2026-01-30 12:10:03,652 - __main__ - INFO - ✓ Detected 5 text regions. Category: with_text. Violations: 0
2026-01-30 12:10:03,652 - __main__ - INFO - Processing: crawled_images/kao_com_20260130_120352/functional/images/img_9a1c68a65eaf.jpg
2026-01-30 12:10:16,800 - __main__ - INFO - Processing: crawled_images/kao_com_20260130_120352/functional/images/img_0531d5320164.jpg
2026-01-30 12:10:18,388 - __main__ - INFO - Processing: crawled_images/kao_com_20260130_120352/functional/images/img_5ec4e1fdcfb4.jpg
2026-01-30 12:10:20,082 - __main__ - INFO - ✓ Detected 3 text regions. Category: with_text. Violations: 0
2026-01-30 12:10:20,082 - __main__ - INFO - Processing: crawled_images/kao_com_20260130_120352/functional/images/img_278b93dcc441.jpg
2026-01-30 12:10:21,854 - __main__ - INFO - ✓ Detected 7 text regions. Category: with_text. Violations: 0
2026-01-30 12:10:21,854 - __main__ - INFO - Processing: crawled_images/kao_com_20260130_120352/functional/images/img_20d610e96f0e.jpg
2026-01-30 12:10:22,025 - __main__ - INFO - Processing: crawled_images/kao_com_20260130_120352/functional/logos/img_76cc7741f022.png
2026-01-30 12:10:25,089 - __main__ - INFO - ✓ Detected 1 text regions. Category: logo_text. Violations: 0
2026-01-30 12:10:25,089 - __main__ - INFO - Processing: crawled_images/kao_com_20260130_120352/functional/logos/img_82389c5ac427.png
2026-01-30 12:10:25,137 - __main__ - INFO - ✓ Detected 1 text regions. Category: logo_text. Violations: 0
2026-01-30 12:10:25,138 - __main__ - INFO - Processing: crawled_images/kao_com_20260130_120352/functional/icons/img_1143bdc7edc8.png
2026-01-30 12:10:25,199 - __main__ - INFO - Processing: crawled_images/kao_com_20260130_120352/functional/icons/img_d04bbf270f38.png
2026-01-30 12:10:25,247 - __main__ - INFO - Processing: crawled_images/kao_com_20260130_120352/functional/icons/img_3902fc1c3220.png
2026-01-30 12:10:25,318 - __main__ - INFO - ✓ Detected 1 text regions. Category: with_text. Violations: 0
2026-01-30 12:10:25,318 - __main__ - INFO - Processing: crawled_images/kao_com_20260130_120352/functional/icons/img_8e958d22ef8e.png
2026-01-30 12:10:48,551 - __main__ - INFO - Processing: crawled_images/kao_com_20260130_120352/functional/icons/img_0c675bcfe649.png
2026-01-30 12:10:48,598 - __main__ - INFO - Processing: crawled_images/kao_com_20260130_120352/functional/icons/img_d559f750885d.png
2026-01-30 12:10:48,655 - __main__ - INFO - ✓ Detected 1 text regions. Category: with_text. Violations: 0
2026-01-30 12:20:51,875 - text_detector - INFO - Created output directories in test_output_consolidation
2026-01-30 12:20:51,875 - text_detector - INFO - Initializing EasyOCR Reader (loading models)...
2026-01-30 12:20:51,875 - easyocr.easyocr - WARNING - Using CPU. Note: This module is much faster with a GPU.
2026-01-30 12:20:53,725 - text_detector - INFO - EasyOCR Reader initialized
2026-02-06 12:34:25,048 - easyocr.easyocr - WARNING - Using CPU. Note: This module is much faster with a GPU.
2026-02-06 12:35:46,866 - easyocr.easyocr - WARNING - Using CPU. Note: This module is much faster with a GPU.
